<?xml version="1.0" encoding="utf-8" ?>
<result>
	<row>
		<label>Unknown</label>
		<nb_visits>22</nb_visits>
		<nb_actions>25</nb_actions>
		<max_actions>3</max_actions>
		<sum_visit_length>305</sum_visit_length>
		<bounce_count>20</bounce_count>
		<goals>
			<row idgoal='1'>
				<nb_conversions>21</nb_conversions>
				<nb_visits_converted>21</nb_visits_converted>
				<revenue>105</revenue>
			</row>
		</goals>
		<nb_conversions>21</nb_conversions>
		<revenue>105</revenue>
		<sum_daily_nb_uniq_visitors>22</sum_daily_nb_uniq_visitors>
		<code>xx</code>
		<logo>plugins/UserCountry/flags/xx.png</logo>
		<logoWidth>16</logoWidth>
		<logoHeight>11</logoHeight>
	</row>
</result>