<?xml version="1.0" encoding="utf-8" ?>
<result>
	<row>
		<label>WebKit (Safari, Chrome)</label>
		<nb_visits>11</nb_visits>
		<nb_actions>11</nb_actions>
		<max_actions>1</max_actions>
		<sum_visit_length>0</sum_visit_length>
		<bounce_count>11</bounce_count>
		<nb_visits_converted>11</nb_visits_converted>
		<sum_daily_nb_uniq_visitors>11</sum_daily_nb_uniq_visitors>
		<shortLabel>Webkit</shortLabel>
	</row>
	<row>
		<label>Trident (IE)</label>
		<nb_visits>4</nb_visits>
		<nb_actions>4</nb_actions>
		<max_actions>1</max_actions>
		<sum_visit_length>0</sum_visit_length>
		<bounce_count>4</bounce_count>
		<nb_visits_converted>4</nb_visits_converted>
		<sum_daily_nb_uniq_visitors>4</sum_daily_nb_uniq_visitors>
		<shortLabel>Ie</shortLabel>
	</row>
	<row>
		<label>Gecko (Firefox)</label>
		<nb_visits>2</nb_visits>
		<nb_actions>2</nb_actions>
		<max_actions>1</max_actions>
		<sum_visit_length>0</sum_visit_length>
		<bounce_count>2</bounce_count>
		<nb_visits_converted>2</nb_visits_converted>
		<sum_daily_nb_uniq_visitors>2</sum_daily_nb_uniq_visitors>
		<shortLabel>Gecko</shortLabel>
	</row>
</result>