<?xml version="1.0" encoding="utf-8" ?>
<result>
	<website>new name</website>
	<prettyDate>Saturday 6 March 2010</prettyDate>
	<metadata>
		<category>Actions</category>
		<name>Page titles</name>
		<module>Actions</module>
		<action>getPageTitles</action>
		<dimension>Page Name</dimension>
		<metrics>
			<nb_hits>Pageviews</nb_hits>
			<nb_visits>Unique Pageviews</nb_visits>
			<bounce_rate>Bounce Rate</bounce_rate>
			<avg_time_on_page>Avg. time on page</avg_time_on_page>
			<exit_rate>Exit rate</exit_rate>

		</metrics>
		<metricsDocumentation>
			<nb_hits>The number of times this page was visited.</nb_hits>
			<nb_visits>The number of visits that included this page. If a page was viewed multiple times during one visit, it is only counted once.</nb_visits>
			<bounce_rate>The percentage of visits that started on this page and left the website straight away.</bounce_rate>
			<avg_time_on_page>The average amount of time visitors spent on this page (only the page, not the entire website).</avg_time_on_page>
			<exit_rate>The percentage of visits that left the website after viewing this page.</exit_rate>

		</metricsDocumentation>
		<documentation>This report contains information about the titles of the pages that have been visited. &lt;br /&gt; The page title is the HTML &lt;title&gt; Tag that most browsers show in their window title.</documentation>
		<actionToLoadSubTables>getPageTitles</actionToLoadSubTables>
		<imageGraphUrl>index.php?module=API&amp;method=ImageGraph.get&amp;idSite=1&amp;apiModule=Actions&amp;apiAction=getPageTitles&amp;period=day&amp;date=2010-03-06</imageGraphUrl>
		<imageGraphEvolutionUrl>index.php?module=API&amp;method=ImageGraph.get&amp;idSite=1&amp;apiModule=Actions&amp;apiAction=getPageTitles&amp;period=day&amp;date=2010-02-05,2010-03-06</imageGraphEvolutionUrl>
		<uniqueId>Actions_getPageTitles</uniqueId>

	</metadata>
	<columns>
		<label>Page Name</label>
		<exit_rate>Exit rate</exit_rate>

	</columns>
	<reportData>
		<row>
			<label>Checkout</label>
			<exit_rate>100%</exit_rate>
		</row>
		<row>
			<label> incredible title!</label>
			<exit_rate>0%</exit_rate>
		</row>
		<row>
			<label> Looking at homepage (again)...</label>
			<exit_rate>100%</exit_rate>
		</row>
		<row>
			<label> Second page view - should be registered as URL</label>
			<exit_rate>0%</exit_rate>
		</row>
	</reportData>
	<reportMetadata>
		<row>
			
		</row>
	</reportMetadata>

</result>