<?xml version="1.0" encoding="utf-8" ?>
<result>
	<row>
		<label>Epiphany</label>
		<nb_visits>5</nb_visits>
		<nb_actions>5</nb_actions>
		<max_actions>1</max_actions>
		<sum_visit_length>0</sum_visit_length>
		<bounce_count>5</bounce_count>
		<nb_visits_converted>5</nb_visits_converted>
		<sum_daily_nb_uniq_visitors>5</sum_daily_nb_uniq_visitors>
		<logo>plugins/UserSettings/images/browsers/EP.gif</logo>
		<shortLabel>Epiphany 2.30</shortLabel>
	</row>
	<row>
		<label>Chrome</label>
		<nb_visits>5</nb_visits>
		<nb_actions>5</nb_actions>
		<max_actions>1</max_actions>
		<sum_visit_length>0</sum_visit_length>
		<bounce_count>5</bounce_count>
		<nb_visits_converted>5</nb_visits_converted>
		<sum_daily_nb_uniq_visitors>5</sum_daily_nb_uniq_visitors>
		<logo>plugins/UserSettings/images/browsers/CH.gif</logo>
		<shortLabel>Chrome 19.0</shortLabel>
	</row>
	<row>
		<label>Firefox</label>
		<nb_visits>2</nb_visits>
		<nb_actions>2</nb_actions>
		<max_actions>1</max_actions>
		<sum_visit_length>0</sum_visit_length>
		<bounce_count>2</bounce_count>
		<nb_visits_converted>2</nb_visits_converted>
		<sum_daily_nb_uniq_visitors>2</sum_daily_nb_uniq_visitors>
		<logo>plugins/UserSettings/images/browsers/FF.gif</logo>
		<shortLabel>Firefox 6.0</shortLabel>
	</row>
	<row>
		<label>Internet Explorer</label>
		<nb_visits>4</nb_visits>
		<nb_actions>4</nb_actions>
		<max_actions>1</max_actions>
		<sum_visit_length>0</sum_visit_length>
		<bounce_count>4</bounce_count>
		<nb_visits_converted>4</nb_visits_converted>
		<sum_daily_nb_uniq_visitors>4</sum_daily_nb_uniq_visitors>
		<logo>plugins/UserSettings/images/browsers/IE.gif</logo>
		<shortLabel>IE 10.0</shortLabel>
	</row>
	<row>
		<label>Safari</label>
		<nb_visits>1</nb_visits>
		<nb_actions>1</nb_actions>
		<max_actions>1</max_actions>
		<sum_visit_length>0</sum_visit_length>
		<bounce_count>1</bounce_count>
		<nb_visits_converted>1</nb_visits_converted>
		<sum_daily_nb_uniq_visitors>1</sum_daily_nb_uniq_visitors>
		<logo>plugins/UserSettings/images/browsers/SF.gif</logo>
		<shortLabel>Safari 4.0</shortLabel>
	</row>
</result>