<?xml version="1.0" encoding="utf-8" ?>
<result>
	<row>
		<label>docs</label>
		<nb_visits>4</nb_visits>
		<nb_hits>4</nb_hits>
		<sum_time_spent>0</sum_time_spent>
		<entry_nb_visits>4</entry_nb_visits>
		<entry_nb_actions>4</entry_nb_actions>
		<entry_sum_visit_length>0</entry_sum_visit_length>
		<entry_bounce_count>4</entry_bounce_count>
		<exit_nb_visits>4</exit_nb_visits>
		<avg_time_on_page>0</avg_time_on_page>
		<bounce_rate>100%</bounce_rate>
		<exit_rate>100%</exit_rate>
		<subtable>
			<row>
				<label>manage-websites</label>
				<nb_visits>2</nb_visits>
				<nb_hits>2</nb_hits>
				<sum_time_spent>0</sum_time_spent>
				<entry_nb_visits>2</entry_nb_visits>
				<entry_nb_actions>2</entry_nb_actions>
				<entry_sum_visit_length>0</entry_sum_visit_length>
				<entry_bounce_count>2</entry_bounce_count>
				<exit_nb_visits>2</exit_nb_visits>
				<avg_time_on_page>0</avg_time_on_page>
				<bounce_rate>100%</bounce_rate>
				<exit_rate>100%</exit_rate>
				<subtable>
					<row>
						<label>/index</label>
						<nb_visits>2</nb_visits>
						<nb_hits>2</nb_hits>
						<sum_time_spent>0</sum_time_spent>
						<entry_nb_visits>2</entry_nb_visits>
						<entry_nb_actions>2</entry_nb_actions>
						<entry_sum_visit_length>0</entry_sum_visit_length>
						<entry_bounce_count>2</entry_bounce_count>
						<exit_nb_visits>2</exit_nb_visits>
						<sum_daily_nb_uniq_visitors>2</sum_daily_nb_uniq_visitors>
						<sum_daily_entry_nb_uniq_visitors>2</sum_daily_entry_nb_uniq_visitors>
						<sum_daily_exit_nb_uniq_visitors>2</sum_daily_exit_nb_uniq_visitors>
						<avg_time_on_page>0</avg_time_on_page>
						<bounce_rate>100%</bounce_rate>
						<exit_rate>100%</exit_rate>
						<url>http://doctorwho.com/docs/manage-websites/</url>
					</row>
				</subtable>
			</row>
			<row>
				<label>/index</label>
				<nb_visits>1</nb_visits>
				<nb_hits>1</nb_hits>
				<sum_time_spent>0</sum_time_spent>
				<entry_nb_visits>1</entry_nb_visits>
				<entry_nb_actions>1</entry_nb_actions>
				<entry_sum_visit_length>0</entry_sum_visit_length>
				<entry_bounce_count>1</entry_bounce_count>
				<exit_nb_visits>1</exit_nb_visits>
				<sum_daily_nb_uniq_visitors>1</sum_daily_nb_uniq_visitors>
				<sum_daily_entry_nb_uniq_visitors>1</sum_daily_entry_nb_uniq_visitors>
				<sum_daily_exit_nb_uniq_visitors>1</sum_daily_exit_nb_uniq_visitors>
				<avg_time_on_page>0</avg_time_on_page>
				<bounce_rate>100%</bounce_rate>
				<exit_rate>100%</exit_rate>
				<url>http://doctorwho.com/docs/</url>
			</row>
			<row>
				<label>manage-users</label>
				<nb_visits>1</nb_visits>
				<nb_hits>1</nb_hits>
				<sum_time_spent>0</sum_time_spent>
				<entry_nb_visits>1</entry_nb_visits>
				<entry_nb_actions>1</entry_nb_actions>
				<entry_sum_visit_length>0</entry_sum_visit_length>
				<entry_bounce_count>1</entry_bounce_count>
				<exit_nb_visits>1</exit_nb_visits>
				<avg_time_on_page>0</avg_time_on_page>
				<bounce_rate>100%</bounce_rate>
				<exit_rate>100%</exit_rate>
				<subtable>
					<row>
						<label>/index</label>
						<nb_visits>1</nb_visits>
						<nb_hits>1</nb_hits>
						<sum_time_spent>0</sum_time_spent>
						<entry_nb_visits>1</entry_nb_visits>
						<entry_nb_actions>1</entry_nb_actions>
						<entry_sum_visit_length>0</entry_sum_visit_length>
						<entry_bounce_count>1</entry_bounce_count>
						<exit_nb_visits>1</exit_nb_visits>
						<sum_daily_nb_uniq_visitors>1</sum_daily_nb_uniq_visitors>
						<sum_daily_entry_nb_uniq_visitors>1</sum_daily_entry_nb_uniq_visitors>
						<sum_daily_exit_nb_uniq_visitors>1</sum_daily_exit_nb_uniq_visitors>
						<avg_time_on_page>0</avg_time_on_page>
						<bounce_rate>100%</bounce_rate>
						<exit_rate>100%</exit_rate>
						<url>http://doctorwho.com/docs/manage-users/</url>
					</row>
				</subtable>
			</row>
		</subtable>
	</row>
	<row>
		<label>faq</label>
		<nb_visits>4</nb_visits>
		<nb_hits>4</nb_hits>
		<sum_time_spent>0</sum_time_spent>
		<entry_nb_visits>4</entry_nb_visits>
		<entry_nb_actions>4</entry_nb_actions>
		<entry_sum_visit_length>0</entry_sum_visit_length>
		<entry_bounce_count>4</entry_bounce_count>
		<exit_nb_visits>4</exit_nb_visits>
		<avg_time_on_page>0</avg_time_on_page>
		<bounce_rate>100%</bounce_rate>
		<exit_rate>100%</exit_rate>
		<subtable>
			<row>
				<label>/index</label>
				<nb_visits>2</nb_visits>
				<nb_hits>2</nb_hits>
				<sum_time_spent>0</sum_time_spent>
				<entry_nb_visits>2</entry_nb_visits>
				<entry_nb_actions>2</entry_nb_actions>
				<entry_sum_visit_length>0</entry_sum_visit_length>
				<entry_bounce_count>2</entry_bounce_count>
				<exit_nb_visits>2</exit_nb_visits>
				<sum_daily_nb_uniq_visitors>2</sum_daily_nb_uniq_visitors>
				<sum_daily_entry_nb_uniq_visitors>2</sum_daily_entry_nb_uniq_visitors>
				<sum_daily_exit_nb_uniq_visitors>2</sum_daily_exit_nb_uniq_visitors>
				<avg_time_on_page>0</avg_time_on_page>
				<bounce_rate>100%</bounce_rate>
				<exit_rate>100%</exit_rate>
				<url>http://doctorwho.com/faq/</url>
			</row>
			<row>
				<label>how-to</label>
				<nb_visits>1</nb_visits>
				<nb_hits>1</nb_hits>
				<sum_time_spent>0</sum_time_spent>
				<entry_nb_visits>1</entry_nb_visits>
				<entry_nb_actions>1</entry_nb_actions>
				<entry_sum_visit_length>0</entry_sum_visit_length>
				<entry_bounce_count>1</entry_bounce_count>
				<exit_nb_visits>1</exit_nb_visits>
				<avg_time_on_page>0</avg_time_on_page>
				<bounce_rate>100%</bounce_rate>
				<exit_rate>100%</exit_rate>
				<subtable>
					<row>
						<label>/index</label>
						<nb_visits>1</nb_visits>
						<nb_hits>1</nb_hits>
						<sum_time_spent>0</sum_time_spent>
						<entry_nb_visits>1</entry_nb_visits>
						<entry_nb_actions>1</entry_nb_actions>
						<entry_sum_visit_length>0</entry_sum_visit_length>
						<entry_bounce_count>1</entry_bounce_count>
						<exit_nb_visits>1</exit_nb_visits>
						<sum_daily_nb_uniq_visitors>1</sum_daily_nb_uniq_visitors>
						<sum_daily_entry_nb_uniq_visitors>1</sum_daily_entry_nb_uniq_visitors>
						<sum_daily_exit_nb_uniq_visitors>1</sum_daily_exit_nb_uniq_visitors>
						<avg_time_on_page>0</avg_time_on_page>
						<bounce_rate>100%</bounce_rate>
						<exit_rate>100%</exit_rate>
						<url>http://doctorwho.com/faq/how-to/</url>
					</row>
				</subtable>
			</row>
			<row>
				<label>how-to-install</label>
				<nb_visits>1</nb_visits>
				<nb_hits>1</nb_hits>
				<sum_time_spent>0</sum_time_spent>
				<entry_nb_visits>1</entry_nb_visits>
				<entry_nb_actions>1</entry_nb_actions>
				<entry_sum_visit_length>0</entry_sum_visit_length>
				<entry_bounce_count>1</entry_bounce_count>
				<exit_nb_visits>1</exit_nb_visits>
				<avg_time_on_page>0</avg_time_on_page>
				<bounce_rate>100%</bounce_rate>
				<exit_rate>100%</exit_rate>
				<subtable>
					<row>
						<label>/index</label>
						<nb_visits>1</nb_visits>
						<nb_hits>1</nb_hits>
						<sum_time_spent>0</sum_time_spent>
						<entry_nb_visits>1</entry_nb_visits>
						<entry_nb_actions>1</entry_nb_actions>
						<entry_sum_visit_length>0</entry_sum_visit_length>
						<entry_bounce_count>1</entry_bounce_count>
						<exit_nb_visits>1</exit_nb_visits>
						<sum_daily_nb_uniq_visitors>1</sum_daily_nb_uniq_visitors>
						<sum_daily_entry_nb_uniq_visitors>1</sum_daily_entry_nb_uniq_visitors>
						<sum_daily_exit_nb_uniq_visitors>1</sum_daily_exit_nb_uniq_visitors>
						<avg_time_on_page>0</avg_time_on_page>
						<bounce_rate>100%</bounce_rate>
						<exit_rate>100%</exit_rate>
						<url>http://doctorwho.com/faq/how-to-install/</url>
					</row>
				</subtable>
			</row>
		</subtable>
	</row>
	<row>
		<label>blog</label>
		<nb_visits>3</nb_visits>
		<nb_hits>3</nb_hits>
		<sum_time_spent>0</sum_time_spent>
		<entry_nb_visits>3</entry_nb_visits>
		<entry_nb_actions>3</entry_nb_actions>
		<entry_sum_visit_length>0</entry_sum_visit_length>
		<entry_bounce_count>3</entry_bounce_count>
		<exit_nb_visits>3</exit_nb_visits>
		<avg_time_on_page>0</avg_time_on_page>
		<bounce_rate>100%</bounce_rate>
		<exit_rate>100%</exit_rate>
		<subtable>
			<row>
				<label>category</label>
				<nb_visits>2</nb_visits>
				<nb_hits>2</nb_hits>
				<sum_time_spent>0</sum_time_spent>
				<entry_nb_visits>2</entry_nb_visits>
				<entry_nb_actions>2</entry_nb_actions>
				<entry_sum_visit_length>0</entry_sum_visit_length>
				<entry_bounce_count>2</entry_bounce_count>
				<exit_nb_visits>2</exit_nb_visits>
				<avg_time_on_page>0</avg_time_on_page>
				<bounce_rate>100%</bounce_rate>
				<exit_rate>100%</exit_rate>
				<subtable>
					<row>
						<label>community</label>
						<nb_visits>1</nb_visits>
						<nb_hits>1</nb_hits>
						<sum_time_spent>0</sum_time_spent>
						<entry_nb_visits>1</entry_nb_visits>
						<entry_nb_actions>1</entry_nb_actions>
						<entry_sum_visit_length>0</entry_sum_visit_length>
						<entry_bounce_count>1</entry_bounce_count>
						<exit_nb_visits>1</exit_nb_visits>
						<avg_time_on_page>0</avg_time_on_page>
						<bounce_rate>100%</bounce_rate>
						<exit_rate>100%</exit_rate>
						<subtable>
							<row>
								<label>/index</label>
								<nb_visits>1</nb_visits>
								<nb_hits>1</nb_hits>
								<sum_time_spent>0</sum_time_spent>
								<entry_nb_visits>1</entry_nb_visits>
								<entry_nb_actions>1</entry_nb_actions>
								<entry_sum_visit_length>0</entry_sum_visit_length>
								<entry_bounce_count>1</entry_bounce_count>
								<exit_nb_visits>1</exit_nb_visits>
								<sum_daily_nb_uniq_visitors>1</sum_daily_nb_uniq_visitors>
								<sum_daily_entry_nb_uniq_visitors>1</sum_daily_entry_nb_uniq_visitors>
								<sum_daily_exit_nb_uniq_visitors>1</sum_daily_exit_nb_uniq_visitors>
								<avg_time_on_page>0</avg_time_on_page>
								<bounce_rate>100%</bounce_rate>
								<exit_rate>100%</exit_rate>
								<url>http://doctorwho.com/blog/category/community/</url>
							</row>
						</subtable>
					</row>
					<row>
						<label>meta</label>
						<nb_visits>1</nb_visits>
						<nb_hits>1</nb_hits>
						<sum_time_spent>0</sum_time_spent>
						<entry_nb_visits>1</entry_nb_visits>
						<entry_nb_actions>1</entry_nb_actions>
						<entry_sum_visit_length>0</entry_sum_visit_length>
						<entry_bounce_count>1</entry_bounce_count>
						<exit_nb_visits>1</exit_nb_visits>
						<avg_time_on_page>0</avg_time_on_page>
						<bounce_rate>100%</bounce_rate>
						<exit_rate>100%</exit_rate>
						<subtable>
							<row>
								<label>/index</label>
								<nb_visits>1</nb_visits>
								<nb_hits>1</nb_hits>
								<sum_time_spent>0</sum_time_spent>
								<entry_nb_visits>1</entry_nb_visits>
								<entry_nb_actions>1</entry_nb_actions>
								<entry_sum_visit_length>0</entry_sum_visit_length>
								<entry_bounce_count>1</entry_bounce_count>
								<exit_nb_visits>1</exit_nb_visits>
								<sum_daily_nb_uniq_visitors>1</sum_daily_nb_uniq_visitors>
								<sum_daily_entry_nb_uniq_visitors>1</sum_daily_entry_nb_uniq_visitors>
								<sum_daily_exit_nb_uniq_visitors>1</sum_daily_exit_nb_uniq_visitors>
								<avg_time_on_page>0</avg_time_on_page>
								<bounce_rate>100%</bounce_rate>
								<exit_rate>100%</exit_rate>
								<url>http://doctorwho.com/blog/category/meta/</url>
							</row>
						</subtable>
					</row>
				</subtable>
			</row>
			<row>
				<label>2012</label>
				<nb_visits>1</nb_visits>
				<nb_hits>1</nb_hits>
				<sum_time_spent>0</sum_time_spent>
				<entry_nb_visits>1</entry_nb_visits>
				<entry_nb_actions>1</entry_nb_actions>
				<entry_sum_visit_length>0</entry_sum_visit_length>
				<entry_bounce_count>1</entry_bounce_count>
				<exit_nb_visits>1</exit_nb_visits>
				<avg_time_on_page>0</avg_time_on_page>
				<bounce_rate>100%</bounce_rate>
				<exit_rate>100%</exit_rate>
				<subtable>
					<row>
						<label>08</label>
						<nb_visits>1</nb_visits>
						<nb_hits>1</nb_hits>
						<sum_time_spent>0</sum_time_spent>
						<entry_nb_visits>1</entry_nb_visits>
						<entry_nb_actions>1</entry_nb_actions>
						<entry_sum_visit_length>0</entry_sum_visit_length>
						<entry_bounce_count>1</entry_bounce_count>
						<exit_nb_visits>1</exit_nb_visits>
						<avg_time_on_page>0</avg_time_on_page>
						<bounce_rate>100%</bounce_rate>
						<exit_rate>100%</exit_rate>
						<subtable>
							<row>
								<label>survey-your-opinion-matters</label>
								<nb_visits>1</nb_visits>
								<nb_hits>1</nb_hits>
								<sum_time_spent>0</sum_time_spent>
								<entry_nb_visits>1</entry_nb_visits>
								<entry_nb_actions>1</entry_nb_actions>
								<entry_sum_visit_length>0</entry_sum_visit_length>
								<entry_bounce_count>1</entry_bounce_count>
								<exit_nb_visits>1</exit_nb_visits>
								<avg_time_on_page>0</avg_time_on_page>
								<bounce_rate>100%</bounce_rate>
								<exit_rate>100%</exit_rate>
								<subtable>
									<row>
										<label>/index</label>
										<nb_visits>1</nb_visits>
										<nb_hits>1</nb_hits>
										<sum_time_spent>0</sum_time_spent>
										<entry_nb_visits>1</entry_nb_visits>
										<entry_nb_actions>1</entry_nb_actions>
										<entry_sum_visit_length>0</entry_sum_visit_length>
										<entry_bounce_count>1</entry_bounce_count>
										<exit_nb_visits>1</exit_nb_visits>
										<sum_daily_nb_uniq_visitors>1</sum_daily_nb_uniq_visitors>
										<sum_daily_entry_nb_uniq_visitors>1</sum_daily_entry_nb_uniq_visitors>
										<sum_daily_exit_nb_uniq_visitors>1</sum_daily_exit_nb_uniq_visitors>
										<avg_time_on_page>0</avg_time_on_page>
										<bounce_rate>100%</bounce_rate>
										<exit_rate>100%</exit_rate>
										<url>http://doctorwho.com/blog/2012/08/survey-your-opinion-matters/</url>
									</row>
								</subtable>
							</row>
						</subtable>
					</row>
				</subtable>
			</row>
		</subtable>
	</row>
	<row>
		<label>/index</label>
		<nb_visits>1</nb_visits>
		<nb_hits>1</nb_hits>
		<sum_time_spent>0</sum_time_spent>
		<entry_nb_visits>1</entry_nb_visits>
		<entry_nb_actions>1</entry_nb_actions>
		<entry_sum_visit_length>0</entry_sum_visit_length>
		<entry_bounce_count>1</entry_bounce_count>
		<exit_nb_visits>1</exit_nb_visits>
		<sum_daily_nb_uniq_visitors>1</sum_daily_nb_uniq_visitors>
		<sum_daily_entry_nb_uniq_visitors>1</sum_daily_entry_nb_uniq_visitors>
		<sum_daily_exit_nb_uniq_visitors>1</sum_daily_exit_nb_uniq_visitors>
		<avg_time_on_page>0</avg_time_on_page>
		<bounce_rate>100%</bounce_rate>
		<exit_rate>100%</exit_rate>
		<url>http://doctorwho.com/</url>
	</row>
	<row>
		<label>download</label>
		<nb_visits>1</nb_visits>
		<nb_hits>1</nb_hits>
		<sum_time_spent>0</sum_time_spent>
		<entry_nb_visits>1</entry_nb_visits>
		<entry_nb_actions>1</entry_nb_actions>
		<entry_sum_visit_length>0</entry_sum_visit_length>
		<entry_bounce_count>1</entry_bounce_count>
		<exit_nb_visits>1</exit_nb_visits>
		<avg_time_on_page>0</avg_time_on_page>
		<bounce_rate>100%</bounce_rate>
		<exit_rate>100%</exit_rate>
		<subtable>
			<row>
				<label>counter</label>
				<nb_visits>1</nb_visits>
				<nb_hits>1</nb_hits>
				<sum_time_spent>0</sum_time_spent>
				<entry_nb_visits>1</entry_nb_visits>
				<entry_nb_actions>1</entry_nb_actions>
				<entry_sum_visit_length>0</entry_sum_visit_length>
				<entry_bounce_count>1</entry_bounce_count>
				<exit_nb_visits>1</exit_nb_visits>
				<avg_time_on_page>0</avg_time_on_page>
				<bounce_rate>100%</bounce_rate>
				<exit_rate>100%</exit_rate>
				<subtable>
					<row>
						<label>/index</label>
						<nb_visits>1</nb_visits>
						<nb_hits>1</nb_hits>
						<sum_time_spent>0</sum_time_spent>
						<entry_nb_visits>1</entry_nb_visits>
						<entry_nb_actions>1</entry_nb_actions>
						<entry_sum_visit_length>0</entry_sum_visit_length>
						<entry_bounce_count>1</entry_bounce_count>
						<exit_nb_visits>1</exit_nb_visits>
						<sum_daily_nb_uniq_visitors>1</sum_daily_nb_uniq_visitors>
						<sum_daily_entry_nb_uniq_visitors>1</sum_daily_entry_nb_uniq_visitors>
						<sum_daily_exit_nb_uniq_visitors>1</sum_daily_exit_nb_uniq_visitors>
						<avg_time_on_page>0</avg_time_on_page>
						<bounce_rate>100%</bounce_rate>
						<exit_rate>100%</exit_rate>
						<url>http://doctorwho.com/download/counter/</url>
					</row>
				</subtable>
			</row>
		</subtable>
	</row>
	<row>
		<label>hosting</label>
		<nb_visits>1</nb_visits>
		<nb_hits>1</nb_hits>
		<sum_time_spent>0</sum_time_spent>
		<entry_nb_visits>1</entry_nb_visits>
		<entry_nb_actions>1</entry_nb_actions>
		<entry_sum_visit_length>0</entry_sum_visit_length>
		<entry_bounce_count>1</entry_bounce_count>
		<exit_nb_visits>1</exit_nb_visits>
		<avg_time_on_page>0</avg_time_on_page>
		<bounce_rate>100%</bounce_rate>
		<exit_rate>100%</exit_rate>
		<subtable>
			<row>
				<label>/index</label>
				<nb_visits>1</nb_visits>
				<nb_hits>1</nb_hits>
				<sum_time_spent>0</sum_time_spent>
				<entry_nb_visits>1</entry_nb_visits>
				<entry_nb_actions>1</entry_nb_actions>
				<entry_sum_visit_length>0</entry_sum_visit_length>
				<entry_bounce_count>1</entry_bounce_count>
				<exit_nb_visits>1</exit_nb_visits>
				<sum_daily_nb_uniq_visitors>1</sum_daily_nb_uniq_visitors>
				<sum_daily_entry_nb_uniq_visitors>1</sum_daily_entry_nb_uniq_visitors>
				<sum_daily_exit_nb_uniq_visitors>1</sum_daily_exit_nb_uniq_visitors>
				<avg_time_on_page>0</avg_time_on_page>
				<bounce_rate>100%</bounce_rate>
				<exit_rate>100%</exit_rate>
				<url>http://doctorwho.com/hosting/</url>
			</row>
		</subtable>
	</row>
	<row>
		<label>intranet-analytics</label>
		<nb_visits>1</nb_visits>
		<nb_hits>1</nb_hits>
		<sum_time_spent>0</sum_time_spent>
		<entry_nb_visits>1</entry_nb_visits>
		<entry_nb_actions>1</entry_nb_actions>
		<entry_sum_visit_length>0</entry_sum_visit_length>
		<entry_bounce_count>1</entry_bounce_count>
		<exit_nb_visits>1</exit_nb_visits>
		<avg_time_on_page>0</avg_time_on_page>
		<bounce_rate>100%</bounce_rate>
		<exit_rate>100%</exit_rate>
		<subtable>
			<row>
				<label>/index</label>
				<nb_visits>1</nb_visits>
				<nb_hits>1</nb_hits>
				<sum_time_spent>0</sum_time_spent>
				<entry_nb_visits>1</entry_nb_visits>
				<entry_nb_actions>1</entry_nb_actions>
				<entry_sum_visit_length>0</entry_sum_visit_length>
				<entry_bounce_count>1</entry_bounce_count>
				<exit_nb_visits>1</exit_nb_visits>
				<sum_daily_nb_uniq_visitors>1</sum_daily_nb_uniq_visitors>
				<sum_daily_entry_nb_uniq_visitors>1</sum_daily_entry_nb_uniq_visitors>
				<sum_daily_exit_nb_uniq_visitors>1</sum_daily_exit_nb_uniq_visitors>
				<avg_time_on_page>0</avg_time_on_page>
				<bounce_rate>100%</bounce_rate>
				<exit_rate>100%</exit_rate>
				<url>http://doctorwho.com/intranet-analytics/</url>
			</row>
		</subtable>
	</row>
	<row>
		<label>newsletter</label>
		<nb_visits>1</nb_visits>
		<nb_hits>1</nb_hits>
		<sum_time_spent>0</sum_time_spent>
		<entry_nb_visits>1</entry_nb_visits>
		<entry_nb_actions>1</entry_nb_actions>
		<entry_sum_visit_length>0</entry_sum_visit_length>
		<entry_bounce_count>1</entry_bounce_count>
		<exit_nb_visits>1</exit_nb_visits>
		<avg_time_on_page>0</avg_time_on_page>
		<bounce_rate>100%</bounce_rate>
		<exit_rate>100%</exit_rate>
		<subtable>
			<row>
				<label>/index</label>
				<nb_visits>1</nb_visits>
				<nb_hits>1</nb_hits>
				<sum_time_spent>0</sum_time_spent>
				<entry_nb_visits>1</entry_nb_visits>
				<entry_nb_actions>1</entry_nb_actions>
				<entry_sum_visit_length>0</entry_sum_visit_length>
				<entry_bounce_count>1</entry_bounce_count>
				<exit_nb_visits>1</exit_nb_visits>
				<sum_daily_nb_uniq_visitors>1</sum_daily_nb_uniq_visitors>
				<sum_daily_entry_nb_uniq_visitors>1</sum_daily_entry_nb_uniq_visitors>
				<sum_daily_exit_nb_uniq_visitors>1</sum_daily_exit_nb_uniq_visitors>
				<avg_time_on_page>0</avg_time_on_page>
				<bounce_rate>100%</bounce_rate>
				<exit_rate>100%</exit_rate>
				<url>http://doctorwho.com/newsletter/</url>
			</row>
		</subtable>
	</row>
	<row>
		<label>translations</label>
		<nb_visits>1</nb_visits>
		<nb_hits>1</nb_hits>
		<sum_time_spent>0</sum_time_spent>
		<entry_nb_visits>1</entry_nb_visits>
		<entry_nb_actions>1</entry_nb_actions>
		<entry_sum_visit_length>0</entry_sum_visit_length>
		<entry_bounce_count>1</entry_bounce_count>
		<exit_nb_visits>1</exit_nb_visits>
		<avg_time_on_page>0</avg_time_on_page>
		<bounce_rate>100%</bounce_rate>
		<exit_rate>100%</exit_rate>
		<subtable>
			<row>
				<label>/index</label>
				<nb_visits>1</nb_visits>
				<nb_hits>1</nb_hits>
				<sum_time_spent>0</sum_time_spent>
				<entry_nb_visits>1</entry_nb_visits>
				<entry_nb_actions>1</entry_nb_actions>
				<entry_sum_visit_length>0</entry_sum_visit_length>
				<entry_bounce_count>1</entry_bounce_count>
				<exit_nb_visits>1</exit_nb_visits>
				<sum_daily_nb_uniq_visitors>1</sum_daily_nb_uniq_visitors>
				<sum_daily_entry_nb_uniq_visitors>1</sum_daily_entry_nb_uniq_visitors>
				<sum_daily_exit_nb_uniq_visitors>1</sum_daily_exit_nb_uniq_visitors>
				<avg_time_on_page>0</avg_time_on_page>
				<bounce_rate>100%</bounce_rate>
				<exit_rate>100%</exit_rate>
				<url>http://doctorwho.com/translations/</url>
			</row>
		</subtable>
	</row>
</result>