<?xml version="1.0" encoding="utf-8" ?>
<result>
	<row>
		<label>North America</label>
		<nb_visits>6</nb_visits>
		<nb_actions>6</nb_actions>
		<max_actions>1</max_actions>
		<sum_visit_length>0</sum_visit_length>
		<bounce_count>6</bounce_count>
		<nb_visits_converted>0</nb_visits_converted>
		<sum_daily_nb_uniq_visitors>3</sum_daily_nb_uniq_visitors>
		<code>North America</code>
	</row>
</result>