<?xml version="1.0" encoding="utf-8" ?>
<results>
	<result idSite="1">
		<nb_uniq_visitors>1</nb_uniq_visitors>
		<nb_visits>2</nb_visits>
		<nb_actions>7</nb_actions>
		<nb_visits_converted>1</nb_visits_converted>
		<bounce_count>1</bounce_count>
		<sum_visit_length />
		<max_actions>6</max_actions>
		<bounce_rate>50%</bounce_rate>
		<nb_actions_per_visit>3.5</nb_actions_per_visit>
		<avg_time_on_site>0</avg_time_on_site>
	</result>
	<result idSite="2" />
	<result idSite="3" />
	<result idSite="4" />
</results>