<?xml version="1.0" encoding="utf-8" ?>
<result>
	<row>
		<label>Stratford-upon-Avon, Warwickshire, United Kingdom</label>
		<nb_visits>4</nb_visits>
		<nb_actions>4</nb_actions>
		<max_actions>1</max_actions>
		<sum_visit_length>0</sum_visit_length>
		<bounce_count>4</bounce_count>
		<nb_visits_converted>0</nb_visits_converted>
		<sum_daily_nb_uniq_visitors>2</sum_daily_nb_uniq_visitors>
		<city_name>Stratford-upon-Avon</city_name>
		<region>P3</region>
		<country>gb</country>
		<country_name>United Kingdom</country_name>
		<region_name>Warwickshire</region_name>
		<logo>plugins/UserCountry/flags/gb.png</logo>
	</row>
	<row>
		<label>Nuneaton and Bedworth, Warwickshire, United Kingdom</label>
		<nb_visits>2</nb_visits>
		<nb_actions>2</nb_actions>
		<max_actions>1</max_actions>
		<sum_visit_length>0</sum_visit_length>
		<bounce_count>2</bounce_count>
		<nb_visits_converted>0</nb_visits_converted>
		<sum_daily_nb_uniq_visitors>1</sum_daily_nb_uniq_visitors>
		<city_name>Nuneaton and Bedworth</city_name>
		<region>P3</region>
		<country>gb</country>
		<country_name>United Kingdom</country_name>
		<region_name>Warwickshire</region_name>
		<logo>plugins/UserCountry/flags/gb.png</logo>
	</row>
</result>