<?xml version="1.0" encoding="utf-8" ?>
<result>
	<nb_visits>22</nb_visits>
	<nb_actions>25</nb_actions>
	<revenue>105</revenue>
	<visits_evolution>100%</visits_evolution>
	<actions_evolution>100%</actions_evolution>
	<revenue_evolution>100%</revenue_evolution>
</result>