<?xml version="1.0" encoding="utf-8" ?>
<result>
	<row>
		<label>Monday</label>
		<nb_visits>0</nb_visits>
		<day_of_week>1</day_of_week>
	</row>
	<row>
		<label>Tuesday</label>
		<nb_visits>3</nb_visits>
		<max_actions>6</max_actions>
		<nb_actions>13</nb_actions>
		<nb_uniq_visitors>1</nb_uniq_visitors>
		<nb_visits_converted>2</nb_visits_converted>
		<sum_visit_length>5403</sum_visit_length>
		<bounce_rate>0%</bounce_rate>
		<nb_actions_per_visit>4.3</nb_actions_per_visit>
		<avg_time_on_site>1801</avg_time_on_site>
		<day_of_week>2</day_of_week>
	</row>
	<row>
		<label>Wednesday</label>
		<nb_visits>0</nb_visits>
		<day_of_week>3</day_of_week>
	</row>
	<row>
		<label>Thursday</label>
		<nb_visits>0</nb_visits>
		<day_of_week>4</day_of_week>
	</row>
	<row>
		<label>Friday</label>
		<nb_visits>0</nb_visits>
		<day_of_week>5</day_of_week>
	</row>
	<row>
		<label>Saturday</label>
		<nb_visits>0</nb_visits>
		<day_of_week>6</day_of_week>
	</row>
	<row>
		<label>Sunday</label>
		<nb_visits>0</nb_visits>
		<day_of_week>7</day_of_week>
	</row>
</result>