<?xml version="1.0" encoding="utf-8" ?>
<result>
	<row>
		<label>United Kingdom</label>
		<nb_visits>10</nb_visits>
		<nb_actions>10</nb_actions>
		<max_actions>1</max_actions>
		<sum_visit_length>0</sum_visit_length>
		<bounce_count>10</bounce_count>
		<nb_visits_converted>0</nb_visits_converted>
		<sum_daily_nb_uniq_visitors>5</sum_daily_nb_uniq_visitors>
		<code>gb</code>
		<logo>plugins/UserCountry/flags/gb.png</logo>
		<logoWidth>16</logoWidth>
		<logoHeight>11</logoHeight>
	</row>
	<row>
		<label>Russian Federation</label>
		<nb_visits>4</nb_visits>
		<nb_actions>4</nb_actions>
		<max_actions>1</max_actions>
		<sum_visit_length>0</sum_visit_length>
		<bounce_count>4</bounce_count>
		<nb_visits_converted>0</nb_visits_converted>
		<sum_daily_nb_uniq_visitors>2</sum_daily_nb_uniq_visitors>
		<code>ru</code>
		<logo>plugins/UserCountry/flags/ru.png</logo>
		<logoWidth>16</logoWidth>
		<logoHeight>11</logoHeight>
	</row>
	<row>
		<label>Canada</label>
		<nb_visits>2</nb_visits>
		<nb_actions>2</nb_actions>
		<max_actions>1</max_actions>
		<sum_visit_length>0</sum_visit_length>
		<bounce_count>2</bounce_count>
		<nb_visits_converted>0</nb_visits_converted>
		<sum_daily_nb_uniq_visitors>1</sum_daily_nb_uniq_visitors>
		<code>ca</code>
		<logo>plugins/UserCountry/flags/ca.png</logo>
		<logoWidth>16</logoWidth>
		<logoHeight>11</logoHeight>
	</row>
	<row>
		<label>France</label>
		<nb_visits>2</nb_visits>
		<nb_actions>2</nb_actions>
		<max_actions>1</max_actions>
		<sum_visit_length>0</sum_visit_length>
		<bounce_count>2</bounce_count>
		<nb_visits_converted>0</nb_visits_converted>
		<sum_daily_nb_uniq_visitors>1</sum_daily_nb_uniq_visitors>
		<code>fr</code>
		<logo>plugins/UserCountry/flags/fr.png</logo>
		<logoWidth>16</logoWidth>
		<logoHeight>11</logoHeight>
	</row>
	<row>
		<label>Indonesia</label>
		<nb_visits>2</nb_visits>
		<nb_actions>2</nb_actions>
		<max_actions>1</max_actions>
		<sum_visit_length>0</sum_visit_length>
		<bounce_count>2</bounce_count>
		<nb_visits_converted>0</nb_visits_converted>
		<sum_daily_nb_uniq_visitors>1</sum_daily_nb_uniq_visitors>
		<code>id</code>
		<logo>plugins/UserCountry/flags/id.png</logo>
		<logoWidth>16</logoWidth>
		<logoHeight>11</logoHeight>
	</row>
	<row>
		<label>Italy</label>
		<nb_visits>2</nb_visits>
		<nb_actions>2</nb_actions>
		<max_actions>1</max_actions>
		<sum_visit_length>0</sum_visit_length>
		<bounce_count>2</bounce_count>
		<nb_visits_converted>0</nb_visits_converted>
		<sum_daily_nb_uniq_visitors>1</sum_daily_nb_uniq_visitors>
		<code>it</code>
		<logo>plugins/UserCountry/flags/it.png</logo>
		<logoWidth>16</logoWidth>
		<logoHeight>11</logoHeight>
	</row>
</result>