<?xml version="1.0" encoding="utf-8" ?>
<result>
	<row>
		<label>Page Name not defined</label>
		<nb_visits>17</nb_visits>
		<nb_hits>17</nb_hits>
		<sum_time_spent>0</sum_time_spent>
		<sum_daily_nb_uniq_visitors>17</sum_daily_nb_uniq_visitors>
		<avg_time_on_page>0</avg_time_on_page>
		<bounce_rate>0%</bounce_rate>
		<exit_rate>0%</exit_rate>
	</row>
</result>