<?xml version="1.0" encoding="utf-8" ?>
<result>
	<nb_visits>24</nb_visits>
	<nb_actions>27</nb_actions>
	<nb_pageviews>24</nb_pageviews>
	<revenue>115</revenue>
	<visits_evolution>100%</visits_evolution>
	<actions_evolution>100%</actions_evolution>
	<pageviews_evolution>100%</pageviews_evolution>
	<revenue_evolution>100%</revenue_evolution>
</result>