<?xml version="1.0" encoding="utf-8" ?>
<result>
	<row>
		<label>tweeted</label>
		<nb_actions>20</nb_actions>
		<subtable>
			<row>
				<label>n</label>
				<nb_uniq_visitors>5</nb_uniq_visitors>
				<nb_visits>10</nb_visits>
				<nb_actions>10</nb_actions>
			</row>
			<row>
				<label>Others</label>
				<nb_uniq_visitors>6</nb_uniq_visitors>
				<nb_visits>10</nb_visits>
				<nb_actions>10</nb_actions>
			</row>
		</subtable>
	</row>
	<row>
		<label>liked</label>
		<nb_actions>20</nb_actions>
		<subtable>
			<row>
				<label>y</label>
				<nb_uniq_visitors>5</nb_uniq_visitors>
				<nb_visits>16</nb_visits>
				<nb_actions>16</nb_actions>
			</row>
			<row>
				<label>Others</label>
				<nb_uniq_visitors>4</nb_uniq_visitors>
				<nb_visits>4</nb_visits>
				<nb_actions>4</nb_actions>
			</row>
		</subtable>
	</row>
	<row>
		<label>Others</label>
		<nb_actions>60</nb_actions>
	</row>
</result>