<?xml version="1.0" encoding="utf-8" ?>
<result>
	<row>
		<label>WebKit (Safari, Chrome)</label>
		<nb_visits>17</nb_visits>
		<nb_actions>20</nb_actions>
		<max_actions>3</max_actions>
		<sum_visit_length>305</sum_visit_length>
		<bounce_count>15</bounce_count>
		<nb_visits_converted>16</nb_visits_converted>
		<sum_daily_nb_uniq_visitors>17</sum_daily_nb_uniq_visitors>
		<shortLabel>Webkit</shortLabel>
	</row>
	<row>
		<label>Trident (IE)</label>
		<nb_visits>5</nb_visits>
		<nb_actions>5</nb_actions>
		<max_actions>1</max_actions>
		<sum_visit_length>0</sum_visit_length>
		<bounce_count>5</bounce_count>
		<nb_visits_converted>5</nb_visits_converted>
		<sum_daily_nb_uniq_visitors>5</sum_daily_nb_uniq_visitors>
		<shortLabel>Ie</shortLabel>
	</row>
	<row>
		<label>Gecko (Firefox)</label>
		<nb_visits>2</nb_visits>
		<nb_actions>2</nb_actions>
		<max_actions>1</max_actions>
		<sum_visit_length>0</sum_visit_length>
		<bounce_count>2</bounce_count>
		<nb_visits_converted>2</nb_visits_converted>
		<sum_daily_nb_uniq_visitors>2</sum_daily_nb_uniq_visitors>
		<shortLabel>Gecko</shortLabel>
	</row>
</result>