<?xml version="1.0" encoding="utf-8" ?>
<result>
	<nb_uniq_visitors>22</nb_uniq_visitors>
	<nb_visits>22</nb_visits>
	<nb_actions>25</nb_actions>
	<nb_visits_converted>21</nb_visits_converted>
	<bounce_count>20</bounce_count>
	<sum_visit_length>305</sum_visit_length>
	<max_actions>3</max_actions>
	<bounce_rate>91%</bounce_rate>
	<nb_actions_per_visit>1.1</nb_actions_per_visit>
	<avg_time_on_site>14</avg_time_on_site>
</result>