Week 4 April - 10 April 2011. 5 Visits, 16 Actions, Revenue: $ 13361, 5 Goal conversions, Product Revenue: $ 13351, 4 Ecommerce Orders