<?xml version="1.0" encoding="utf-8" ?>
<result>
	<row>Space Quest XII</row>
	<row>It's &lt;script&gt; pitch black...</row>
	<row>It's pitch black...</row>
</result>