<?xml version="1.0" encoding="utf-8" ?>
<results>
	<result idSite="1">
		<result date="2010-01">
			<nb_keywords>5</nb_keywords>
			<nb_pageviews>4</nb_pageviews>
			<nb_searches>8</nb_searches>
			<nb_uniq_pageviews>3</nb_uniq_pageviews>
			<avg_time_generation>0</avg_time_generation>
		</result>
		<result date="2010-02" />
		<result date="2010-03" />
		<result date="2010-04" />
		<result date="2010-05" />
		<result date="2010-06" />
		<result date="2010-07" />
	</result>
	<result idSite="2">
		<result date="2010-01">
			<nb_keywords>3</nb_keywords>
			<nb_pageviews>2</nb_pageviews>
			<nb_searches>3</nb_searches>
			<nb_uniq_pageviews>2</nb_uniq_pageviews>
			<avg_time_generation>0</avg_time_generation>
		</result>
		<result date="2010-02" />
		<result date="2010-03" />
		<result date="2010-04" />
		<result date="2010-05" />
		<result date="2010-06" />
		<result date="2010-07" />
	</result>
	<result idSite="3">
		<result date="2010-01">
			<nb_pageviews>3</nb_pageviews>
			<nb_uniq_pageviews>3</nb_uniq_pageviews>
			<avg_time_generation>0</avg_time_generation>
		</result>
		<result date="2010-02" />
		<result date="2010-03" />
		<result date="2010-04" />
		<result date="2010-05" />
		<result date="2010-06" />
		<result date="2010-07" />
	</result>
</results>