<?xml version="1.0" encoding="utf-8" ?>
<result>
	<row>
		<label>Warwickshire, United Kingdom</label>
		<nb_visits>6</nb_visits>
		<nb_actions>6</nb_actions>
		<max_actions>1</max_actions>
		<sum_visit_length>0</sum_visit_length>
		<bounce_count>6</bounce_count>
		<goals>
			<row idgoal='1'>
				<nb_conversions>6</nb_conversions>
				<nb_visits_converted>6</nb_visits_converted>
				<revenue>30</revenue>
			</row>
		</goals>
		<nb_conversions>6</nb_conversions>
		<revenue>30</revenue>
		<sum_daily_nb_uniq_visitors>3</sum_daily_nb_uniq_visitors>
		<region>P3</region>
		<country>gb</country>
		<country_name>United Kingdom</country_name>
		<region_name>Warwickshire</region_name>
		<logo>plugins/UserCountry/flags/gb.png</logo>
	</row>
</result>