<?xml version="1.0" encoding="utf-8" ?>
<result>
	<date>Sat 6 Mar</date>
	<previousPages>
		<row>
			<label>https://example.org/the/third_page.html?foo=bar</label>
			<referrals>3</referrals>
		</row>
		<row>
			<label>http://www.example.org/sub/dir/page2.html</label>
			<referrals>2</referrals>
		</row>
		<row>
			<label>Others</label>
			<referrals>2</referrals>
		</row>
	</previousPages>
	<previousSiteSearches />
	<pageMetrics>
		<loops>1</loops>
		<pageviews>12</pageviews>
		<entries>4</entries>
		<exits>3</exits>
	</pageMetrics>
	<followingPages>
		<row>
			<label>https://example.org/the/third_page.html?foo=baz</label>
			<referrals>3</referrals>
		</row>
		<row>
			<label>http://www.example.org/sub/dir/page2.html</label>
			<referrals>2</referrals>
		</row>
		<row>
			<label>Others</label>
			<referrals>3</referrals>
		</row>
	</followingPages>
	<followingSiteSearches />
	<outlinks />
	<downloads />
	<referrers>
		<row>
			<label>Direct Entries</label>
			<shortName>direct</shortName>
			<visits>1</visits>
			<details>
			</details>
		</row>
		<row>
			<label>From Search Engines</label>
			<shortName>search</shortName>
			<visits>1</visits>
			<details>
				<row>
					<label>&lt;&gt;&amp;\&quot;the pdo extension is required for this adapter but the extension is not loaded</label>
					<referrals>1</referrals>
				</row>
			</details>
		</row>
		<row>
			<label>From Websites</label>
			<shortName>website</shortName>
			<visits>1</visits>
			<details>
				<row>
					<label>http://www.external.com.vn/referrerPage-counted.html</label>
					<referrals>1</referrals>
				</row>
			</details>
		</row>
		<row>
			<label>From Campaigns</label>
			<shortName>campaign</shortName>
			<visits>1</visits>
			<details>
				<row>
					<label>TestCampaign TestKeyword</label>
					<referrals>1</referrals>
				</row>
			</details>
		</row>
	</referrers>
</result>