<?xml version="1.0" encoding="utf-8" ?>
<result>
	<row>
		<label>Piwik test</label>
		<nb_visits>25</nb_visits>
		<nb_actions>28</nb_actions>
		<nb_pageviews>24</nb_pageviews>
		<revenue>115</revenue>
		<visits_evolution>100%</visits_evolution>
		<actions_evolution>100%</actions_evolution>
		<pageviews_evolution>100%</pageviews_evolution>
		<revenue_evolution>100%</revenue_evolution>
		<idsite>1</idsite>
	</row>
	<row>
		<label>Piwik test two</label>
		<nb_visits>1</nb_visits>
		<nb_actions>1</nb_actions>
		<nb_pageviews>1</nb_pageviews>
		<revenue />
		<visits_evolution>100%</visits_evolution>
		<actions_evolution>100%</actions_evolution>
		<pageviews_evolution>100%</pageviews_evolution>
		<idsite>2</idsite>
	</row>
</result>