<?xml version="1.0" encoding="utf-8" ?>
<result>
	<row>a9b7ba70783b617e</row>
	<row>b8c37e33defde51c</row>
	<row>aa68c75c4a77c87f</row>
	<row>fba9d88164f3e2d9</row>
	<row>fed33392d3a48aa1</row>
	<row>2387337ba1e0b024</row>
	<row>1587965fb4d4b5af</row>
	<row>d7322ed717dedf1e</row>
	<row>9246444d94f081e3</row>
	<row>fed33392d3a48ab2</row>
</result>