<?xml version="1.0" encoding="utf-8" ?>
<result>
	<error message="Please specify a value for 'label'.
 
 --&gt; To temporarily debug this error further, set $SHOW_ME_BACKTRACE=true; in ResponseBuilder.php" />
</result>