<?xml version="1.0" encoding="utf-8" ?>
<result>
	<error message="Date format must be: YYYY-MM-DD, or 'today' or 'yesterday' or any keyword supported by the strtotime function (see http://php.net/strtotime for more information): 1970-01-01
 
 --&gt; To temporarily debug this error further, set const DISPLAY_BACKTRACE_DEBUG=true; in ResponseBuilder.php" />
</result>