<?xml version="1.0" encoding="utf-8" ?>
<result>
	<row>
		<label>Not-Bot</label>
		<nb_visits>4</nb_visits>
		<nb_actions>6</nb_actions>
		<max_actions>3</max_actions>
		<sum_visit_length>123</sum_visit_length>
		<bounce_count>3</bounce_count>
		<goals>
			<row idgoal='1'>
				<nb_conversions>2</nb_conversions>
				<nb_visits_converted>2</nb_visits_converted>
				<revenue>10</revenue>
			</row>
		</goals>
		<nb_conversions>2</nb_conversions>
		<revenue>10</revenue>
		<sum_daily_nb_uniq_visitors>4</sum_daily_nb_uniq_visitors>
		<subtable>
			<row>
				<label>Mozilla/5.0 (Macintosh; Intel Mac OS X 10_6_7) AppleWebKit/534.24 (KHTML, like Gecko) RockMelt/0.9.58.494 Chrome/11.0.696.71 Safari/534.24</label>
				<nb_visits>3</nb_visits>
				<nb_actions>5</nb_actions>
				<max_actions>3</max_actions>
				<sum_visit_length>123</sum_visit_length>
				<bounce_count>2</bounce_count>
				<goals>
					<row idgoal='1'>
						<nb_conversions>2</nb_conversions>
						<nb_visits_converted>2</nb_visits_converted>
						<revenue>10</revenue>
					</row>
				</goals>
				<nb_conversions>2</nb_conversions>
				<revenue>10</revenue>
				<sum_daily_nb_uniq_visitors>3</sum_daily_nb_uniq_visitors>
			</row>
			<row>
				<label>Apache-HttpClient/4.2.1 (java 1.5)</label>
				<nb_visits>1</nb_visits>
				<nb_actions>1</nb_actions>
				<max_actions>1</max_actions>
				<sum_visit_length>0</sum_visit_length>
				<bounce_count>1</bounce_count>
				<nb_visits_converted>0</nb_visits_converted>
				<sum_daily_nb_uniq_visitors>1</sum_daily_nb_uniq_visitors>
			</row>
		</subtable>
	</row>
	<row>
		<label>HTTP-code</label>
		<nb_visits>3</nb_visits>
		<nb_actions>4</nb_actions>
		<max_actions>2</max_actions>
		<sum_visit_length>182</sum_visit_length>
		<bounce_count>2</bounce_count>
		<goals>
			<row idgoal='1'>
				<nb_conversions>3</nb_conversions>
				<nb_visits_converted>3</nb_visits_converted>
				<revenue>15</revenue>
			</row>
		</goals>
		<nb_conversions>3</nb_conversions>
		<revenue>15</revenue>
		<sum_daily_nb_uniq_visitors>3</sum_daily_nb_uniq_visitors>
		<subtable>
			<row>
				<label>307</label>
				<nb_visits>1</nb_visits>
				<nb_actions>2</nb_actions>
				<max_actions>2</max_actions>
				<sum_visit_length>182</sum_visit_length>
				<bounce_count>0</bounce_count>
				<nb_visits_converted>1</nb_visits_converted>
				<sum_daily_nb_uniq_visitors>1</sum_daily_nb_uniq_visitors>
			</row>
			<row>
				<label>404</label>
				<nb_visits>1</nb_visits>
				<nb_actions>1</nb_actions>
				<max_actions>1</max_actions>
				<sum_visit_length>0</sum_visit_length>
				<bounce_count>1</bounce_count>
				<goals>
					<row idgoal='1'>
						<nb_conversions>1</nb_conversions>
						<nb_visits_converted>1</nb_visits_converted>
						<revenue>5</revenue>
					</row>
				</goals>
				<nb_conversions>1</nb_conversions>
				<revenue>5</revenue>
				<sum_daily_nb_uniq_visitors>1</sum_daily_nb_uniq_visitors>
			</row>
			<row>
				<label>500</label>
				<nb_visits>1</nb_visits>
				<nb_actions>1</nb_actions>
				<max_actions>1</max_actions>
				<sum_visit_length>0</sum_visit_length>
				<bounce_count>1</bounce_count>
				<goals>
					<row idgoal='1'>
						<nb_conversions>1</nb_conversions>
						<nb_visits_converted>1</nb_visits_converted>
						<revenue>5</revenue>
					</row>
				</goals>
				<nb_conversions>1</nb_conversions>
				<revenue>5</revenue>
				<sum_daily_nb_uniq_visitors>1</sum_daily_nb_uniq_visitors>
			</row>
			<row>
				<label>301</label>
				<goals>
					<row idgoal='1'>
						<nb_conversions>1</nb_conversions>
						<nb_visits_converted>1</nb_visits_converted>
						<revenue>5</revenue>
					</row>
				</goals>
				<nb_conversions>1</nb_conversions>
				<revenue>5</revenue>
			</row>
		</subtable>
	</row>
	<row>
		<label>Forum status</label>
		<nb_visits>1</nb_visits>
		<nb_actions>1</nb_actions>
		<max_actions>1</max_actions>
		<sum_visit_length>0</sum_visit_length>
		<bounce_count>1</bounce_count>
		<goals>
			<row idgoal='1'>
				<nb_conversions>1</nb_conversions>
				<nb_visits_converted>1</nb_visits_converted>
				<revenue>5</revenue>
			</row>
		</goals>
		<nb_conversions>1</nb_conversions>
		<revenue>5</revenue>
		<sum_daily_nb_uniq_visitors>1</sum_daily_nb_uniq_visitors>
		<subtable>
			<row>
				<label>Anonymous</label>
				<nb_visits>1</nb_visits>
				<nb_actions>1</nb_actions>
				<max_actions>1</max_actions>
				<sum_visit_length>0</sum_visit_length>
				<bounce_count>1</bounce_count>
				<goals>
					<row idgoal='1'>
						<nb_conversions>1</nb_conversions>
						<nb_visits_converted>1</nb_visits_converted>
						<revenue>5</revenue>
					</row>
				</goals>
				<nb_conversions>1</nb_conversions>
				<revenue>5</revenue>
				<sum_daily_nb_uniq_visitors>1</sum_daily_nb_uniq_visitors>
			</row>
		</subtable>
	</row>
	<row>
		<label>VisitorType</label>
		<nb_visits>1</nb_visits>
		<nb_actions>1</nb_actions>
		<max_actions>1</max_actions>
		<sum_visit_length>0</sum_visit_length>
		<bounce_count>1</bounce_count>
		<goals>
			<row idgoal='1'>
				<nb_conversions>1</nb_conversions>
				<nb_visits_converted>1</nb_visits_converted>
				<revenue>5</revenue>
			</row>
		</goals>
		<nb_conversions>1</nb_conversions>
		<revenue>5</revenue>
		<sum_daily_nb_uniq_visitors>1</sum_daily_nb_uniq_visitors>
		<subtable>
			<row>
				<label>NewLoggedOut</label>
				<nb_visits>1</nb_visits>
				<nb_actions>1</nb_actions>
				<max_actions>1</max_actions>
				<sum_visit_length>0</sum_visit_length>
				<bounce_count>1</bounce_count>
				<goals>
					<row idgoal='1'>
						<nb_conversions>1</nb_conversions>
						<nb_visits_converted>1</nb_visits_converted>
						<revenue>5</revenue>
					</row>
				</goals>
				<nb_conversions>1</nb_conversions>
				<revenue>5</revenue>
				<sum_daily_nb_uniq_visitors>1</sum_daily_nb_uniq_visitors>
			</row>
		</subtable>
	</row>
</result>