<?xml version="1.0" encoding="utf-8" ?>
<result>
	<row>
		<label>United Kingdom</label>
		<nb_visits>10</nb_visits>
		<nb_actions>10</nb_actions>
		<max_actions>1</max_actions>
		<sum_visit_length>0</sum_visit_length>
		<bounce_count>10</bounce_count>
		<goals>
			<row idgoal='1'>
				<nb_conversions>10</nb_conversions>
				<nb_visits_converted>10</nb_visits_converted>
				<revenue>50</revenue>
			</row>
		</goals>
		<nb_conversions>10</nb_conversions>
		<revenue>50</revenue>
		<sum_daily_nb_uniq_visitors>5</sum_daily_nb_uniq_visitors>
		<code>gb</code>
		<logo>plugins/UserCountry/flags/gb.png</logo>
		<logoWidth>16</logoWidth>
		<logoHeight>11</logoHeight>
	</row>
	<row>
		<label>Canada</label>
		<nb_visits>6</nb_visits>
		<nb_actions>6</nb_actions>
		<max_actions>1</max_actions>
		<sum_visit_length>0</sum_visit_length>
		<bounce_count>6</bounce_count>
		<goals>
			<row idgoal='1'>
				<nb_conversions>6</nb_conversions>
				<nb_visits_converted>6</nb_visits_converted>
				<revenue>30</revenue>
			</row>
		</goals>
		<nb_conversions>6</nb_conversions>
		<revenue>30</revenue>
		<sum_daily_nb_uniq_visitors>3</sum_daily_nb_uniq_visitors>
		<code>ca</code>
		<logo>plugins/UserCountry/flags/ca.png</logo>
		<logoWidth>16</logoWidth>
		<logoHeight>11</logoHeight>
	</row>
	<row>
		<label>France</label>
		<nb_visits>4</nb_visits>
		<nb_actions>4</nb_actions>
		<max_actions>1</max_actions>
		<sum_visit_length>0</sum_visit_length>
		<bounce_count>4</bounce_count>
		<goals>
			<row idgoal='1'>
				<nb_conversions>4</nb_conversions>
				<nb_visits_converted>4</nb_visits_converted>
				<revenue>20</revenue>
			</row>
		</goals>
		<nb_conversions>4</nb_conversions>
		<revenue>20</revenue>
		<sum_daily_nb_uniq_visitors>2</sum_daily_nb_uniq_visitors>
		<code>fr</code>
		<logo>plugins/UserCountry/flags/fr.png</logo>
		<logoWidth>16</logoWidth>
		<logoHeight>11</logoHeight>
	</row>
	<row>
		<label>Russian Federation</label>
		<nb_visits>4</nb_visits>
		<nb_actions>4</nb_actions>
		<max_actions>1</max_actions>
		<sum_visit_length>0</sum_visit_length>
		<bounce_count>4</bounce_count>
		<goals>
			<row idgoal='1'>
				<nb_conversions>4</nb_conversions>
				<nb_visits_converted>4</nb_visits_converted>
				<revenue>20</revenue>
			</row>
		</goals>
		<nb_conversions>4</nb_conversions>
		<revenue>20</revenue>
		<sum_daily_nb_uniq_visitors>2</sum_daily_nb_uniq_visitors>
		<code>ru</code>
		<logo>plugins/UserCountry/flags/ru.png</logo>
		<logoWidth>16</logoWidth>
		<logoHeight>11</logoHeight>
	</row>
	<row>
		<label>Indonesia</label>
		<nb_visits>2</nb_visits>
		<nb_actions>2</nb_actions>
		<max_actions>1</max_actions>
		<sum_visit_length>0</sum_visit_length>
		<bounce_count>2</bounce_count>
		<goals>
			<row idgoal='1'>
				<nb_conversions>2</nb_conversions>
				<nb_visits_converted>2</nb_visits_converted>
				<revenue>10</revenue>
			</row>
		</goals>
		<nb_conversions>2</nb_conversions>
		<revenue>10</revenue>
		<sum_daily_nb_uniq_visitors>1</sum_daily_nb_uniq_visitors>
		<code>id</code>
		<logo>plugins/UserCountry/flags/id.png</logo>
		<logoWidth>16</logoWidth>
		<logoHeight>11</logoHeight>
	</row>
	<row>
		<label>Italy</label>
		<nb_visits>2</nb_visits>
		<nb_actions>2</nb_actions>
		<max_actions>1</max_actions>
		<sum_visit_length>0</sum_visit_length>
		<bounce_count>2</bounce_count>
		<goals>
			<row idgoal='1'>
				<nb_conversions>2</nb_conversions>
				<nb_visits_converted>2</nb_visits_converted>
				<revenue>10</revenue>
			</row>
		</goals>
		<nb_conversions>2</nb_conversions>
		<revenue>10</revenue>
		<sum_daily_nb_uniq_visitors>1</sum_daily_nb_uniq_visitors>
		<code>it</code>
		<logo>plugins/UserCountry/flags/it.png</logo>
		<logoWidth>16</logoWidth>
		<logoHeight>11</logoHeight>
	</row>
	<row>
		<label>Macedonia, the Former Yugoslav Republic of</label>
		<nb_visits>2</nb_visits>
		<nb_actions>2</nb_actions>
		<max_actions>1</max_actions>
		<sum_visit_length>0</sum_visit_length>
		<bounce_count>2</bounce_count>
		<goals>
			<row idgoal='1'>
				<nb_conversions>2</nb_conversions>
				<nb_visits_converted>2</nb_visits_converted>
				<revenue>10</revenue>
			</row>
		</goals>
		<nb_conversions>2</nb_conversions>
		<revenue>10</revenue>
		<sum_daily_nb_uniq_visitors>1</sum_daily_nb_uniq_visitors>
		<code>mk</code>
		<logo>plugins/UserCountry/flags/mk.png</logo>
		<logoWidth>16</logoWidth>
		<logoHeight>11</logoHeight>
	</row>
	<row>
		<label>Unknown</label>
		<nb_visits>2</nb_visits>
		<nb_actions>2</nb_actions>
		<max_actions>1</max_actions>
		<sum_visit_length>0</sum_visit_length>
		<bounce_count>2</bounce_count>
		<goals>
			<row idgoal='1'>
				<nb_conversions>2</nb_conversions>
				<nb_visits_converted>2</nb_visits_converted>
				<revenue>10</revenue>
			</row>
		</goals>
		<nb_conversions>2</nb_conversions>
		<revenue>10</revenue>
		<sum_daily_nb_uniq_visitors>1</sum_daily_nb_uniq_visitors>
		<code>xx</code>
		<logo>plugins/UserCountry/flags/xx.png</logo>
		<logoWidth>16</logoWidth>
		<logoHeight>11</logoHeight>
	</row>
</result>