<?xml version="1.0" encoding="utf-8" ?>
<result>
	<error message="Row evolutions can not be processed with this combination of \'date\' and \'period\' parameters." />
</result>