<?xml version="1.0" encoding="utf-8" ?>
<result>
	<row>
		<label>North America</label>
		<nb_visits>3</nb_visits>
		<nb_actions>7</nb_actions>
		<max_actions>3</max_actions>
		<sum_visit_length>3</sum_visit_length>
		<bounce_count>0</bounce_count>
		<goals>
			<row idgoal='1'>
				<nb_conversions>3</nb_conversions>
				<nb_visits_converted>3</nb_visits_converted>
				<revenue>15</revenue>
			</row>
			<row idgoal='2'>
				<nb_conversions>3</nb_conversions>
				<nb_visits_converted>3</nb_visits_converted>
				<revenue>15</revenue>
			</row>
		</goals>
		<nb_conversions>6</nb_conversions>
		<revenue>30</revenue>
		<sum_daily_nb_uniq_visitors>2</sum_daily_nb_uniq_visitors>
		<code>North America</code>
	</row>
</result>