<?xml version="1.0" encoding="utf-8" ?>
<result>
	<nb_visits>2</nb_visits>
	<nb_actions>3</nb_actions>
	<label>Site AAAAAA</label>
	<nb_pageviews>3</nb_pageviews>
	<revenue>0</revenue>
</result>