<?xml version="1.0" encoding="utf-8" ?>
<result>
	<row>
		<label>Japan</label>
		<nb_visits>10</nb_visits>
		<nb_actions>13</nb_actions>
		<max_actions>3</max_actions>
		<sum_visit_length>305</sum_visit_length>
		<bounce_count>8</bounce_count>
		<goals>
			<row idgoal='1'>
				<nb_conversions>9</nb_conversions>
				<nb_visits_converted>9</nb_visits_converted>
				<revenue>45</revenue>
			</row>
		</goals>
		<nb_conversions>9</nb_conversions>
		<revenue>45</revenue>
		<sum_daily_nb_uniq_visitors>10</sum_daily_nb_uniq_visitors>
		<code>jp</code>
		<logo>plugins/UserCountry/flags/jp.png</logo>
		<logoWidth>16</logoWidth>
		<logoHeight>11</logoHeight>
	</row>
	<row>
		<label>Unknown</label>
		<nb_visits>7</nb_visits>
		<nb_actions>7</nb_actions>
		<max_actions>1</max_actions>
		<sum_visit_length>0</sum_visit_length>
		<bounce_count>7</bounce_count>
		<goals>
			<row idgoal='1'>
				<nb_conversions>7</nb_conversions>
				<nb_visits_converted>7</nb_visits_converted>
				<revenue>35</revenue>
			</row>
		</goals>
		<nb_conversions>7</nb_conversions>
		<revenue>35</revenue>
		<sum_daily_nb_uniq_visitors>7</sum_daily_nb_uniq_visitors>
		<code>xx</code>
		<logo>plugins/UserCountry/flags/xx.png</logo>
		<logoWidth>16</logoWidth>
		<logoHeight>11</logoHeight>
	</row>
	<row>
		<label>United States</label>
		<nb_visits>4</nb_visits>
		<nb_actions>4</nb_actions>
		<max_actions>1</max_actions>
		<sum_visit_length>0</sum_visit_length>
		<bounce_count>4</bounce_count>
		<goals>
			<row idgoal='1'>
				<nb_conversions>4</nb_conversions>
				<nb_visits_converted>4</nb_visits_converted>
				<revenue>20</revenue>
			</row>
		</goals>
		<nb_conversions>4</nb_conversions>
		<revenue>20</revenue>
		<sum_daily_nb_uniq_visitors>4</sum_daily_nb_uniq_visitors>
		<code>us</code>
		<logo>plugins/UserCountry/flags/us.png</logo>
		<logoWidth>16</logoWidth>
		<logoHeight>11</logoHeight>
	</row>
	<row>
		<label>Brazil</label>
		<nb_visits>3</nb_visits>
		<nb_actions>3</nb_actions>
		<max_actions>1</max_actions>
		<sum_visit_length>0</sum_visit_length>
		<bounce_count>3</bounce_count>
		<goals>
			<row idgoal='1'>
				<nb_conversions>3</nb_conversions>
				<nb_visits_converted>3</nb_visits_converted>
				<revenue>15</revenue>
			</row>
		</goals>
		<nb_conversions>3</nb_conversions>
		<revenue>15</revenue>
		<sum_daily_nb_uniq_visitors>3</sum_daily_nb_uniq_visitors>
		<code>br</code>
		<logo>plugins/UserCountry/flags/br.png</logo>
		<logoWidth>16</logoWidth>
		<logoHeight>11</logoHeight>
	</row>
</result>