<?xml version="1.0" encoding="utf-8" ?>
<result>
	<row>
		<label>Chrome</label>
		<nb_visits>9</nb_visits>
		<nb_actions>12</nb_actions>
		<max_actions>3</max_actions>
		<sum_visit_length>305</sum_visit_length>
		<bounce_count>7</bounce_count>
		<nb_visits_converted>8</nb_visits_converted>
		<sum_daily_nb_uniq_visitors>9</sum_daily_nb_uniq_visitors>
		<logo>plugins/UserSettings/images/browsers/CH.gif</logo>
	</row>
	<row>
		<label>Epiphany</label>
		<nb_visits>5</nb_visits>
		<nb_actions>5</nb_actions>
		<max_actions>1</max_actions>
		<sum_visit_length>0</sum_visit_length>
		<bounce_count>5</bounce_count>
		<nb_visits_converted>5</nb_visits_converted>
		<sum_daily_nb_uniq_visitors>5</sum_daily_nb_uniq_visitors>
		<logo>plugins/UserSettings/images/browsers/EP.gif</logo>
	</row>
	<row>
		<label>Internet Explorer</label>
		<nb_visits>5</nb_visits>
		<nb_actions>5</nb_actions>
		<max_actions>1</max_actions>
		<sum_visit_length>0</sum_visit_length>
		<bounce_count>5</bounce_count>
		<nb_visits_converted>5</nb_visits_converted>
		<sum_daily_nb_uniq_visitors>5</sum_daily_nb_uniq_visitors>
		<logo>plugins/UserSettings/images/browsers/IE.gif</logo>
	</row>
	<row>
		<label>Firefox</label>
		<nb_visits>2</nb_visits>
		<nb_actions>2</nb_actions>
		<max_actions>1</max_actions>
		<sum_visit_length>0</sum_visit_length>
		<bounce_count>2</bounce_count>
		<nb_visits_converted>2</nb_visits_converted>
		<sum_daily_nb_uniq_visitors>2</sum_daily_nb_uniq_visitors>
		<logo>plugins/UserSettings/images/browsers/FF.gif</logo>
	</row>
	<row>
		<label>Safari</label>
		<nb_visits>3</nb_visits>
		<nb_actions>3</nb_actions>
		<max_actions>1</max_actions>
		<sum_visit_length>0</sum_visit_length>
		<bounce_count>3</bounce_count>
		<nb_visits_converted>3</nb_visits_converted>
		<sum_daily_nb_uniq_visitors>3</sum_daily_nb_uniq_visitors>
		<logo>plugins/UserSettings/images/browsers/SF.gif</logo>
	</row>
</result>