<?xml version="1.0" encoding="utf-8" ?>
<results>
	<result idSite="1">
		<nb_uniq_visitors>3</nb_uniq_visitors>
		<nb_visits>4</nb_visits>
		<nb_actions>16</nb_actions>
		<nb_visits_converted>3</nb_visits_converted>
		<bounce_count>1</bounce_count>
		<sum_visit_length>1263</sum_visit_length>
		<max_actions>6</max_actions>
		<bounce_rate>25%</bounce_rate>
		<nb_actions_per_visit>4</nb_actions_per_visit>
		<avg_time_on_site>316</avg_time_on_site>
	</result>
	<result idSite="2">
		<nb_uniq_visitors>1</nb_uniq_visitors>
		<nb_visits>1</nb_visits>
		<nb_actions>4</nb_actions>
		<nb_visits_converted>1</nb_visits_converted>
		<bounce_count />
		<sum_visit_length>1</sum_visit_length>
		<max_actions>4</max_actions>
		<bounce_rate>0%</bounce_rate>
		<nb_actions_per_visit>4</nb_actions_per_visit>
		<avg_time_on_site>1</avg_time_on_site>
	</result>
	<result idSite="3" />
	<result idSite="4" />
</results>